[32m2025-05-11 18:29:15 +0530[0m - dagster - [34mDEBUG[0m - materialize_dbt_models - 7d1bb75c-4f47-437c-a3df-c6aad606eaf7 - 137636 - LOGS_CAPTURED - Started capturing logs in process (pid: 137636).
[32m2025-05-11 18:29:15 +0530[0m - dagster - [34mDEBUG[0m - materialize_dbt_models - 7d1bb75c-4f47-437c-a3df-c6aad606eaf7 - 137636 - dbtlearn_dbt_assets - STEP_START - Started execution of step "dbtlearn_dbt_assets".
[32m2025-05-11 18:29:16 +0530[0m - dagster - [34mINFO[0m - materialize_dbt_models - 7d1bb75c-4f47-437c-a3df-c6aad606eaf7 - dbtlearn_dbt_assets - A dbt subsetted execution is not being performed. Using the default dbt selection arguments `['--select', 'fqn:*']`.
[32m2025-05-11 18:29:16 +0530[0m - dagster - [34mINFO[0m - materialize_dbt_models - 7d1bb75c-4f47-437c-a3df-c6aad606eaf7 - dbtlearn_dbt_assets - Copying `/home/varuns/personal/DBT/dbtlearn/target/partial_parse.msgpack` to `/home/varuns/personal/DBT/dbtlearn/target/dbtlearn_dbt_assets-7d1bb75-e7b4898/partial_parse.msgpack` to take advantage of partial parsing.
[32m2025-05-11 18:29:16 +0530[0m - dagster - [34mINFO[0m - materialize_dbt_models - 7d1bb75c-4f47-437c-a3df-c6aad606eaf7 - dbtlearn_dbt_assets - Running dbt command: `dbt build --select fqn:*`.
[32m2025-05-11 18:29:37 +0530[0m - dagster - [34mDEBUG[0m - materialize_dbt_models - 7d1bb75c-4f47-437c-a3df-c6aad606eaf7 - 137636 - dbtlearn_dbt_assets - STEP_OUTPUT - Yielded output "seed_full_moon_dates" of type "Nothing". (Type check passed).
[32m2025-05-11 18:29:37 +0530[0m - dagster - [34mDEBUG[0m - materialize_dbt_models - 7d1bb75c-4f47-437c-a3df-c6aad606eaf7 - 137636 - dbtlearn_dbt_assets - ASSET_MATERIALIZATION - Materialized value seed_full_moon_dates.
[32m2025-05-11 18:29:44 +0530[0m - dagster - [34mDEBUG[0m - materialize_dbt_models - 7d1bb75c-4f47-437c-a3df-c6aad606eaf7 - 137636 - dbtlearn_dbt_assets - STEP_OUTPUT - Yielded output "scd_raw_listings" of type "Nothing". (Type check passed).
[32m2025-05-11 18:29:44 +0530[0m - dagster - [34mDEBUG[0m - materialize_dbt_models - 7d1bb75c-4f47-437c-a3df-c6aad606eaf7 - 137636 - dbtlearn_dbt_assets - ASSET_MATERIALIZATION - Materialized value scd_raw_listings.
[32m2025-05-11 18:29:47 +0530[0m - dagster - [34mDEBUG[0m - materialize_dbt_models - 7d1bb75c-4f47-437c-a3df-c6aad606eaf7 - 137636 - dbtlearn_dbt_assets - STEP_OUTPUT - Yielded output "dim_hosts_cleansed" of type "Nothing". (Type check passed).
[32m2025-05-11 18:29:47 +0530[0m - dagster - [34mDEBUG[0m - materialize_dbt_models - 7d1bb75c-4f47-437c-a3df-c6aad606eaf7 - 137636 - dbtlearn_dbt_assets - ASSET_MATERIALIZATION - Materialized value dim_hosts_cleansed.
[32m2025-05-11 18:29:50 +0530[0m - dagster - [34mDEBUG[0m - materialize_dbt_models - 7d1bb75c-4f47-437c-a3df-c6aad606eaf7 - 137636 - dbtlearn_dbt_assets - STEP_OUTPUT - Yielded output "dim_listings_cleansed" of type "Nothing". (Type check passed).
[32m2025-05-11 18:29:50 +0530[0m - dagster - [34mDEBUG[0m - materialize_dbt_models - 7d1bb75c-4f47-437c-a3df-c6aad606eaf7 - 137636 - dbtlearn_dbt_assets - ASSET_MATERIALIZATION - Materialized value dim_listings_cleansed.
[32m2025-05-11 18:29:56 +0530[0m - dagster - [34mDEBUG[0m - materialize_dbt_models - 7d1bb75c-4f47-437c-a3df-c6aad606eaf7 - 137636 - dbtlearn_dbt_assets - STEP_OUTPUT - Yielded output "fct_reviews" of type "Nothing". (Type check passed).
[32m2025-05-11 18:29:56 +0530[0m - dagster - [34mDEBUG[0m - materialize_dbt_models - 7d1bb75c-4f47-437c-a3df-c6aad606eaf7 - 137636 - dbtlearn_dbt_assets - ASSET_MATERIALIZATION - Materialized value fct_reviews.
[32m2025-05-11 18:29:58 +0530[0m - dagster - [34mDEBUG[0m - materialize_dbt_models - 7d1bb75c-4f47-437c-a3df-c6aad606eaf7 - 137636 - dbtlearn_dbt_assets - ASSET_OBSERVATION - ASSET_OBSERVATION for step dbtlearn_dbt_assets
[32m2025-05-11 18:30:01 +0530[0m - dagster - [34mDEBUG[0m - materialize_dbt_models - 7d1bb75c-4f47-437c-a3df-c6aad606eaf7 - 137636 - dbtlearn_dbt_assets - ASSET_OBSERVATION - ASSET_OBSERVATION for step dbtlearn_dbt_assets
[32m2025-05-11 18:30:03 +0530[0m - dagster - [34mDEBUG[0m - materialize_dbt_models - 7d1bb75c-4f47-437c-a3df-c6aad606eaf7 - 137636 - dbtlearn_dbt_assets - ASSET_OBSERVATION - ASSET_OBSERVATION for step dbtlearn_dbt_assets
[32m2025-05-11 18:30:05 +0530[0m - dagster - [34mDEBUG[0m - materialize_dbt_models - 7d1bb75c-4f47-437c-a3df-c6aad606eaf7 - 137636 - dbtlearn_dbt_assets - ASSET_OBSERVATION - ASSET_OBSERVATION for step dbtlearn_dbt_assets
[32m2025-05-11 18:30:08 +0530[0m - dagster - [34mDEBUG[0m - materialize_dbt_models - 7d1bb75c-4f47-437c-a3df-c6aad606eaf7 - 137636 - dbtlearn_dbt_assets - ASSET_OBSERVATION - ASSET_OBSERVATION for step dbtlearn_dbt_assets
[32m2025-05-11 18:30:08 +0530[0m - dagster - [34mDEBUG[0m - materialize_dbt_models - 7d1bb75c-4f47-437c-a3df-c6aad606eaf7 - 137636 - dbtlearn_dbt_assets - ASSET_OBSERVATION - ASSET_OBSERVATION for step dbtlearn_dbt_assets
[32m2025-05-11 18:30:10 +0530[0m - dagster - [34mDEBUG[0m - materialize_dbt_models - 7d1bb75c-4f47-437c-a3df-c6aad606eaf7 - 137636 - dbtlearn_dbt_assets - ASSET_OBSERVATION - ASSET_OBSERVATION for step dbtlearn_dbt_assets
[32m2025-05-11 18:30:15 +0530[0m - dagster - [34mDEBUG[0m - materialize_dbt_models - 7d1bb75c-4f47-437c-a3df-c6aad606eaf7 - 137636 - dbtlearn_dbt_assets - STEP_OUTPUT - Yielded output "mart_fullmoon_reviews" of type "Nothing". (Type check passed).
[32m2025-05-11 18:30:15 +0530[0m - dagster - [34mDEBUG[0m - materialize_dbt_models - 7d1bb75c-4f47-437c-a3df-c6aad606eaf7 - 137636 - dbtlearn_dbt_assets - ASSET_MATERIALIZATION - Materialized value mart_fullmoon_reviews.
[32m2025-05-11 18:30:18 +0530[0m - dagster - [34mDEBUG[0m - materialize_dbt_models - 7d1bb75c-4f47-437c-a3df-c6aad606eaf7 - 137636 - dbtlearn_dbt_assets - ASSET_OBSERVATION - ASSET_OBSERVATION for step dbtlearn_dbt_assets
[32m2025-05-11 18:30:18 +0530[0m - dagster - [34mDEBUG[0m - materialize_dbt_models - 7d1bb75c-4f47-437c-a3df-c6aad606eaf7 - 137636 - dbtlearn_dbt_assets - ASSET_OBSERVATION - ASSET_OBSERVATION for step dbtlearn_dbt_assets
[32m2025-05-11 18:30:21 +0530[0m - dagster - [34mDEBUG[0m - materialize_dbt_models - 7d1bb75c-4f47-437c-a3df-c6aad606eaf7 - 137636 - dbtlearn_dbt_assets - STEP_OUTPUT - Yielded output "dim_listings_w_hosts" of type "Nothing". (Type check passed).
[32m2025-05-11 18:30:21 +0530[0m - dagster - [34mDEBUG[0m - materialize_dbt_models - 7d1bb75c-4f47-437c-a3df-c6aad606eaf7 - 137636 - dbtlearn_dbt_assets - ASSET_MATERIALIZATION - Materialized value dim_listings_w_hosts.
[32m2025-05-11 18:30:22 +0530[0m - dagster - [34mDEBUG[0m - materialize_dbt_models - 7d1bb75c-4f47-437c-a3df-c6aad606eaf7 - 137636 - dbtlearn_dbt_assets - STEP_SUCCESS - Finished execution of step "dbtlearn_dbt_assets" in 1m6s.
