Running with dbt=1.7.19
Registered adapter: snowflake=1.7.1
Found 8 models, 1 snapshot, 1 analysis, 7 tests, 1 seed, 3 sources, 0 exposures, 0 metrics, 829 macros, 0 groups, 0 semantic models

Concurrency: 1 threads (target='dev')

1 of 14 START seed file DEV.seed_full_moon_dates ............................... [RUN]
1 of 14 OK loaded seed file DEV.seed_full_moon_dates ........................... [[32mINSERT 272[0m in 5.69s]
2 of 14 START snapshot dev.scd_raw_listings .................................... [RUN]
2 of 14 OK snapshotted dev.scd_raw_listings .................................... [[32mSUCCESS 0[0m in 7.19s]
3 of 14 START sql view model DEV.dim_hosts_cleansed ............................ [RUN]
3 of 14 OK created sql view model DEV.dim_hosts_cleansed ....................... [[32mSUCCESS 1[0m in 2.82s]
4 of 14 START sql view model DEV.dim_listings_cleansed ......................... [RUN]
4 of 14 OK created sql view model DEV.dim_listings_cleansed .................... [[32mSUCCESS 1[0m in 2.75s]
5 of 14 START sql incremental model DEV.fct_reviews ............................ [RUN]
5 of 14 OK created sql incremental model DEV.fct_reviews ....................... [[32mSUCCESS 0[0m in 5.92s]
6 of 14 START test accepted_values_dim_listings_cleansed_room_type__Entire_home_apt__Private_room__Shared_room__Hotel_room  [RUN]
6 of 14 PASS accepted_values_dim_listings_cleansed_room_type__Entire_home_apt__Private_room__Shared_room__Hotel_room  [[32mPASS[0m in 2.47s]
7 of 14 START test dim_listings_minimum_nights ................................. [RUN]
7 of 14 PASS dim_listings_minimum_nights ....................................... [[32mPASS[0m in 2.10s]
8 of 14 START test not_null_dim_listings_cleansed_host_id ...................... [RUN]
8 of 14 PASS not_null_dim_listings_cleansed_host_id ............................ [[32mPASS[0m in 2.16s]
9 of 14 START test not_null_dim_listings_cleansed_listing_id ................... [RUN]
9 of 14 PASS not_null_dim_listings_cleansed_listing_id ......................... [[32mPASS[0m in 2.57s]
10 of 14 START test relationships_dim_listings_cleansed_host_id__host_id__ref_dim_hosts_cleansed_  [RUN]
10 of 14 PASS relationships_dim_listings_cleansed_host_id__host_id__ref_dim_hosts_cleansed_  [[32mPASS[0m in 2.59s]
11 of 14 START test unique_dim_listings_cleansed_listing_id .................... [RUN]
11 of 14 PASS unique_dim_listings_cleansed_listing_id .......................... [[32mPASS[0m in 2.10s]
12 of 14 START sql table model DEV.mart_fullmoon_reviews ....................... [RUN]
12 of 14 OK created sql table model DEV.mart_fullmoon_reviews .................. [[32mSUCCESS 1[0m in 5.08s]
13 of 14 START test consistent_created_at ...................................... [RUN]
13 of 14 PASS consistent_created_at ............................................ [[32mPASS[0m in 2.19s]
14 of 14 START sql table model DEV.dim_listings_w_hosts ........................ [RUN]
14 of 14 OK created sql table model DEV.dim_listings_w_hosts ................... [[32mSUCCESS 1[0m in 3.69s]

Finished running 1 seed, 1 snapshot, 2 view models, 1 incremental model, 7 tests, 2 table models in 0 hours 0 minutes and 58.69 seconds (58.69s).

[32mCompleted successfully[0m

Done. PASS=14 WARN=0 ERROR=0 SKIP=0 TOTAL=14
